// Jest Snapshot v1, https://goo.gl/fbAQLP

exports[`renders without issue 1`] = `
<div>
  <div
    className="centre"
  >
    <h2
      className="confirmCode"
    >
      Your confirmation code is: 
      <strong>
        kdfbgk2985
      </strong>
    </h2>
    <h3
      className="confirmTitle"
    >
      Thank you for your return request.
    </h3>
    <p
      className="explanation"
    >
      A confirmation email has been sent to 
      randomReturn@email.com
      . To make sure that we can process your return as quickly as possible, please follow these steps when returning your package.
    </p>
    <button
      className="Submit2"
      onClick={[Function]}
    >
      Resend email
    </button>
  </div>
  <br />
  <div
    className="confirmation1"
  >
    <h2
      className="confirmation"
    >
      Item Drop-off Instructions
    </h2>
    <div
      className="instructions"
    >
      <br />
      <p>
        Request return on Flindel and receive confirmation code (e.g. A1B2C3)
      </p>
      <p>
        Present your code and give your return item(s) to one of the staff at one of the locations on the map. Look for someone wearing a red shirt carrying a big bag!
      </p>
      <p>
        Wait for your refund!
      </p>
    </div>
  </div>
  <div
    className="confirmation2"
  >
    <h2
      className="confirmation"
    >
      Drop-Off Locations
    </h2>
    <div
      className="dropLocations"
    >
      <div
        className="mapContainer"
      />
      <div
        className="dropAdd"
      >
        <p
          className="dropAddress"
        >
          1. 123 Dundas Street (Starbucks)
        </p>
        <p
          className="dropAddress"
        >
          2. 987 Bathurst Street (Tim Hortons)
        </p>
        <p
          className="dropAddress"
        >
          3. 456 Front Street (Library) 
        </p>
        <p
          className="dropAddress"
        >
          4. 159 Wilson Street (Starbucks)
        </p>
        <p
          className="dropAddress"
        >
          5. 354 Bay Street (Store)
        </p>
      </div>
    </div>
  </div>
  <div
    className="customerService"
  >
    <p>
      If you have any questions, 
      <br />
      please contact us at
       
      <a
        href="mailto:customerservice@flindel.com"
      >
        customerservice@flindel.com
      </a>
    </p>
  </div>
</div>
`;
